#-----------------------------------------------------------
# Vivado v2025.1 (64-bit)
# SW Build 6140274 on Thu May 22 00:12:29 MDT 2025
# IP Build 6138677 on Thu May 22 03:10:11 MDT 2025
# SharedData Build 6139179 on Tue May 20 17:58:58 MDT 2025
# Start of session at: Wed Jun 25 08:15:07 2025
# Process ID         : 31068
# Current directory  : C:/Users/Vick/Desktop/codesign_vivado/codesign_vivado.runs/synth_1
# Command line       : vivado.exe -log codesign_vivado_bd_wrapper.vds -product Vivado -mode batch -messageDb vivado.pb -notrace -source codesign_vivado_bd_wrapper.tcl
# Log file           : C:/Users/Vick/Desktop/codesign_vivado/codesign_vivado.runs/synth_1/codesign_vivado_bd_wrapper.vds
# Journal file       : C:/Users/Vick/Desktop/codesign_vivado/codesign_vivado.runs/synth_1\vivado.jou
# Running On         : LPV-CASA
# Platform           : Windows Server 2016 or Windows 10
# Operating System   : 26100
# Processor Detail   : Intel(R) Core(TM) i7-9750H CPU @ 2.60GHz
# CPU Frequency      : 2592 MHz
# CPU Physical cores : 6
# CPU Logical cores  : 12
# Host memory        : 68585 MB
# Swap memory        : 4294 MB
# Total Virtual      : 72880 MB
# Available Virtual  : 51909 MB
#-----------------------------------------------------------
source codesign_vivado_bd_wrapper.tcl -notrace
